// Jest Snapshot v1, https://goo.gl/fbAQLP

exports[`Component: CommonFooter Snapshots 1`] = `
<footer
  style={
    Object {
      "textAlign": "center",
    }
  }
>
  <span>
    Copyright @
  </span>
   
  <a
    href="https://github.com/nusr"
    rel="noopener noreferrer"
    target="_blank"
  >
    nusr
  </a>
</footer>
`;
